
2022-11-09 21:02:38 DEBUG main.cpp:9 hello world
2022-11-09 21:02:38 DEBUG main.cpp:10 name is jack, age is 18
